
> @designsystemfdv/storybook@0.0.0 build
> npx storybook build

[1m@storybook/core v8.6.18
[22m
info => Cleaning outputDir: [36mstorybook-static[39m
info => Loading presets
info => Building manager..
info => Manager built ([38;2;181;126;229m179 ms[39m)
info => Building preview..
WARN No story files found for the specified pattern: [34mstories\molecules\**\*.stories.@(ts|tsx)[39m
WARN No story files found for the specified pattern: [34mstories\organisms\**\*.stories.@(ts|tsx)[39m
WARN No story files found for the specified pattern: [34mstories\templates\**\*.stories.@(ts|tsx)[39m
info Using tsconfig paths for react-docgen
[36mvite v8.0.3 [32mbuilding client environment for production...[36m[39m
[2Ktransforming...✓ 85 modules transformed.
rendering chunks...
computing gzip size...
storybook-static/iframe.html                                18.36 kB │ gzip:   5.04 kB
storybook-static/assets/chunk-H6MOWX77-B7cdPOPf.js           0.09 kB │ gzip:   0.11 kB
storybook-static/assets/preview-Dql0affz.js                  0.12 kB │ gzip:   0.12 kB
storybook-static/assets/preview-Bw9ndB2w.js                  0.15 kB │ gzip:   0.13 kB
storybook-static/assets/preview-CBzM6kGI.js                  0.16 kB │ gzip:   0.15 kB
storybook-static/assets/test-utils-Cw6JsIRZ.js               0.41 kB │ gzip:   0.30 kB
storybook-static/assets/jsx-runtime-DXopviyY.js              0.42 kB │ gzip:   0.29 kB
storybook-static/assets/react-BU2gDC8Z.js                    0.44 kB │ gzip:   0.28 kB
storybook-static/assets/esm-DCQMhVsN.js                      0.66 kB │ gzip:   0.40 kB
storybook-static/assets/preview-CfYY1Ny7.js                  0.68 kB │ gzip:   0.47 kB
storybook-static/assets/chunk-XP5HYGXS-IeRoxBDj.js           0.71 kB │ gzip:   0.40 kB
storybook-static/assets/preview-BLEcZrAE.js                  0.91 kB │ gzip:   0.56 kB
storybook-static/assets/preview-B5m6NOqd.js                  3.39 kB │ gzip:   1.60 kB
storybook-static/assets/react-dom-DogOIxgO.js                3.56 kB │ gzip:   1.35 kB
storybook-static/assets/ButtonTest.stories-CnV_o4Ds.js       4.74 kB │ gzip:   1.71 kB
storybook-static/assets/preview-5fIx5bxw.js                  4.81 kB │ gzip:   1.74 kB
storybook-static/assets/react-DnJ5_uAo.js                    7.52 kB │ gzip:   2.87 kB
storybook-static/assets/preview-C8gnzX7G.js                  7.61 kB │ gzip:   1.54 kB
storybook-static/assets/preview-BDfMGusa.js                  8.13 kB │ gzip:   3.07 kB
storybook-static/assets/dist-C81QCcVp.js                    12.35 kB │ gzip:   3.73 kB
storybook-static/assets/Color-YHDXOIA2-joqhCnjy.js          28.94 kB │ gzip:  10.67 kB
storybook-static/assets/entry-preview-D7C_nLLF.js           29.05 kB │ gzip:   8.96 kB
storybook-static/assets/docs-tools-CU9OxTwP.js              55.82 kB │ gzip:  15.67 kB
storybook-static/assets/DocsRenderer-CFRXHY34-CyF6Iu9u.js  165.68 kB │ gzip:  50.33 kB
storybook-static/assets/react-18-bpQ3cMfn.js               179.07 kB │ gzip:  56.64 kB
storybook-static/assets/iframe-CNGZ8XhO.js                 209.71 kB │ gzip:  70.73 kB
storybook-static/assets/entry-preview-docs-Dpv8IOuf.js     254.55 kB │ gzip:  75.67 kB
storybook-static/assets/dist-YPiCtkf_.js                   647.64 kB │ gzip: 149.57 kB
storybook-static/assets/components-BU8WDIpD.js             700.59 kB │ gzip: 218.18 kB

[33m[33m[EVAL] Warning:[0m Use of direct `eval` function is strongly discouraged as it poses security risks and may cause issues with minification.
      [38;5;246m╭[0m[38;5;246m─[0m[38;5;246m[[0m ../../node_modules/@storybook/core/dist/preview/runtime.js:3683:16 [38;5;246m][0m
      [38;5;246m│[0m
 [38;5;246m3683 │[0m [38;5;249m [0m[38;5;249m [0m[38;5;249m [0m[38;5;249m [0m[38;5;249m [0m[38;5;249m [0m[38;5;249m [0m[38;5;249m [0m[38;5;249mr[0m[38;5;249me[0m[38;5;249mt[0m[38;5;249mu[0m[38;5;249mr[0m[38;5;249mn[0m[38;5;249m [0meval[38;5;249m([0m[38;5;249m`[0m[38;5;249m([0m[38;5;249m$[0m[38;5;249m{[0m[38;5;249ms[0m[38;5;249mo[0m[38;5;249mu[0m[38;5;249mr[0m[38;5;249mc[0m[38;5;249me[0m[38;5;249mS[0m[38;5;249ma[0m[38;5;249mn[0m[38;5;249mi[0m[38;5;249mt[0m[38;5;249mi[0m[38;5;249mz[0m[38;5;249me[0m[38;5;249md[0m[38;5;249m}[0m[38;5;249m)[0m[38;5;249m`[0m[38;5;249m)[0m[38;5;249m;[0m
 [38;5;240m     │[0m                ──┬─  
 [38;5;240m     │[0m                  ╰─── Use of direct `eval` here.
 [38;5;240m     │[0m 
 [38;5;240m     │[0m [38;5;115mHelp[0m: Consider using indirect eval. For more information, check the documentation: https://rolldown.rs/guide/troubleshooting#avoiding-direct-eval
[38;5;246m──────╯[0m
[39m
[33m[plugin builtin:vite-reporter] 
(!) Some chunks are larger than 500 kB after minification. Consider:
- Using dynamic import() to code-split the application
- Use build.rolldownOptions.output.codeSplitting to improve chunking: https://rolldown.rs/reference/OutputOptions.codeSplitting
- Adjust chunk size limit for this warning via build.chunkSizeWarningLimit.[39m
[33m[33m[EVAL] Warning:[0m Use of direct `eval` function is strongly discouraged as it poses security risks and may cause issues with minification.
      [38;5;246m╭[0m[38;5;246m─[0m[38;5;246m[[0m ../../node_modules/@storybook/core/dist/preview/runtime.js:3685:17 [38;5;246m][0m
[32m✓ built in 962ms[39m
      [38;5;246m│[0m
 [38;5;246m3685 │[0m [38;5;249m [0m[38;5;249m [0m[38;5;249m [0m[38;5;249m [0m[38;5;249m [0m[38;5;249m [0m[38;5;249m [0m[38;5;249m [0m[38;5;249ml[0m[38;5;249me[0m[38;5;249mt[0m[38;5;249m [0m[38;5;249mf[0m[38;5;249m [0m[38;5;249m=[0m[38;5;249m [0meval[38;5;249m([0m[38;5;249m`[0m[38;5;249m([0m[38;5;249m$[0m[38;5;249m{[0m[38;5;249ms[0m[38;5;249mo[0m[38;5;249mu[0m[38;5;249mr[0m[38;5;249mc[0m[38;5;249me[0m[38;5;249mS[0m[38;5;249ma[0m[38;5;249mn[0m[38;5;249mi[0m[38;5;249mt[0m[38;5;249mi[0m[38;5;249mz[0m[38;5;249me[0m[38;5;249md[0m[38;5;249m}[0m[38;5;249m)[0m[38;5;249m`[0m[38;5;249m)[0m[38;5;249m;[0m
 [38;5;240m     │[0m                 ──┬─  
 [38;5;240m     │[0m                   ╰─── Use of direct `eval` here.
 [38;5;240m     │[0m 
 [38;5;240m     │[0m [38;5;115mHelp[0m: Consider using indirect eval. For more information, check the documentation: https://rolldown.rs/guide/troubleshooting#avoiding-direct-eval
[38;5;246m──────╯[0m
info => Preview built ([38;2;181;126;229m1.53 s[39m)
[39m
info => Output directory: C:\Users\ferna\Desktop\Dev\designsystem\apps\storybook\storybook-static
